172.16.117.132|986
192.168.1.1|1
192.168.1.30|4
172.16.112.50|21
192.168.1.20|11
135.13.216.191|184
172.16.117.111|875
172.16.114.148|61
172.16.112.10|1
172.16.115.234|103
172.16.117.103|571
172.16.112.100|86
0.0.0.0|5
192.168.1.90|4
172.16.114.168|33
172.16.117.52|171
196.227.33.189|61
172.16.112.20|12
172.16.116.201|471
172.16.115.87|1542
172.16.116.194|235
135.8.60.182|85
192.168.1.2|1
195.73.151.50|34
172.16.115.5|849
195.115.218.108|122
172.16.114.207|36
194.7.248.153|92
172.16.113.84|68
172.16.114.50|13
172.16.113.105|417
197.182.91.233|71
196.37.75.158|54
197.218.177.69|67
194.27.251.21|120
172.16.113.204|23
172.16.114.169|81
192.168.1.10|2
172.16.113.50|1
172.16.112.149|19
172.16.112.194|138
172.16.112.207|1179
