172.16.117.132|31843
192.168.1.1|520
192.168.1.30|32771
172.16.112.50|32847
192.168.1.20|2307
135.13.216.191|13293
172.16.117.111|32795
172.16.114.148|26124
172.16.112.10|123
172.16.115.234|2048
172.16.117.103|32038
172.16.112.100|20
0.0.0.0|0
192.168.1.90|32778
172.16.114.168|32106
172.16.117.52|30954
196.227.33.189|12385
172.16.112.20|1287
172.16.116.201|19983
172.16.115.87|32797
172.16.116.194|30776
135.8.60.182|13011
192.168.1.2|0
195.73.151.50|12908
172.16.115.5|30890
195.115.218.108|13006
172.16.114.207|27846
194.7.248.153|12927
172.16.113.84|26353
172.16.114.50|1841
172.16.113.105|31446
197.182.91.233|12876
196.37.75.158|13166
197.218.177.69|12848
194.27.251.21|13165
172.16.113.204|31401
172.16.114.169|29061
192.168.1.10|53
172.16.113.50|1028
172.16.112.149|30581
172.16.112.194|31977
172.16.112.207|32787
