172.16.117.132|1102
192.168.1.1|520
192.168.1.30|123
172.16.112.50|25
192.168.1.20|1684
135.13.216.191|1560
172.16.117.111|1027
172.16.114.148|20
172.16.112.10|123
172.16.115.234|1035
172.16.117.103|1111
172.16.112.100|20
0.0.0.0|0
192.168.1.90|123
172.16.114.168|1049
172.16.117.52|1173
196.227.33.189|2123
172.16.112.20|53
172.16.116.201|1079
172.16.115.87|1024
172.16.116.194|1051
135.8.60.182|1107
192.168.1.2|0
195.73.151.50|1812
172.16.115.5|1109
195.115.218.108|1302
172.16.114.207|1024
194.7.248.153|1106
172.16.113.84|25
172.16.114.50|1038
172.16.113.105|25
197.182.91.233|2245
196.37.75.158|1024
197.218.177.69|20
194.27.251.21|1813
172.16.113.204|2600
172.16.114.169|1029
192.168.1.10|53
172.16.113.50|1028
172.16.112.149|1258
172.16.112.194|1268
172.16.112.207|1024
