172.16.117.132|15854749
192.168.1.1|520
192.168.1.30|98433
172.16.112.50|656437
192.168.1.20|23367
135.13.216.191|1397293
172.16.117.111|11302057
172.16.114.148|281329
172.16.112.10|123
172.16.115.234|156186
172.16.117.103|10345503
172.16.112.100|1720
0.0.0.0|0
192.168.1.90|98454
172.16.114.168|489017
172.16.117.52|1320215
196.227.33.189|312236
172.16.112.20|1870
172.16.116.201|3840101
172.16.115.87|25675399
172.16.116.194|4683447
135.8.60.182|443885
192.168.1.2|0
195.73.151.50|166986
172.16.115.5|14559340
195.115.218.108|989643
172.16.114.207|351871
194.7.248.153|562526
172.16.113.84|622247
172.16.114.50|17188
172.16.113.105|6222722
197.182.91.233|423621
196.37.75.158|342806
197.218.177.69|159595
194.27.251.21|910122
172.16.113.204|363392
172.16.114.169|1824204
192.168.1.10|106
172.16.113.50|1028
172.16.112.149|233235
172.16.112.194|1406003
172.16.112.207|21074707
